[EVAL SAFETY] step=0 min_center_distance=3.00424 min_clearance=2.05424 collision_this_step=0 collision_run=0 collision_radius=0.95
[COLD START SEED] available=1 controls=4 states=5
[SH ANCHOR REPAIR] sweep=0 min_clearance=1.47305 repaired=0
[SH ANCHOR] min_clearance=1.47305 feasible=1
[COLD START ORDINARY SQP] recovery_seed_available=1 homotopy_deferred=1
[FREE POLY] k=1 disc=0 raw=40 facets=0 vertices=4 rho=4.8 anchor_shift=2.22045e-16
[FREE POLY] k=1 disc=1 raw=40 facets=0 vertices=4 rho=0.800001 anchor_shift=2.22045e-16
[FREE POLY] k=1 disc=2 raw=40 facets=3 vertices=6 rho=4.8 anchor_shift=0
[FREE POLY] k=2 disc=0 raw=40 facets=0 vertices=4 rho=5.6 anchor_shift=0
[FREE POLY] k=2 disc=1 raw=40 facets=0 vertices=4 rho=1.6 anchor_shift=1.11022e-16
[FREE POLY] k=2 disc=2 raw=40 facets=4 vertices=7 rho=5.6 anchor_shift=0
[FREE POLY] k=3 disc=0 raw=40 facets=3 vertices=6 rho=6.4 anchor_shift=0
[FREE POLY] k=3 disc=1 raw=40 facets=0 vertices=4 rho=2.4 anchor_shift=1.11022e-16
[FREE POLY] k=3 disc=2 raw=40 facets=3 vertices=6 rho=6.4 anchor_shift=0
[FREE POLY] k=4 disc=0 raw=40 facets=3 vertices=6 rho=7.2 anchor_shift=2.22045e-16
[FREE POLY] k=4 disc=1 raw=40 facets=0 vertices=4 rho=3.2 anchor_shift=2.22045e-16
[FREE POLY] k=4 disc=2 raw=40 facets=3 vertices=6 rho=7.2 anchor_shift=0
[RF SUPPORT SEED] removed=0 support_limit=8
[SQP] before_solve iter=0 vars=8 constraints=35 max_d=-1.48303
[QP WORST] iter=0 row=17 type=collision d=-1.48303
[QP WORST COLLISION] scenario=4 k=4 obstacle=0 disc=2
[SQP] after_solve iter=0 converged=1 status=0 iterations=5 primal_residual=4.44089e-16 dual_residual=5.49699e-06 x_size=8 x_finite=1
[SQP LINESEARCH] iter=0 current_violation=0 accepted_violation=0 accepted=1 alpha=1 delta_u_norm=2.831
[SQP SUPPORT] iter=0 support_size=0 support_limit=8 support_ok=1
[SQP] before_solve iter=1 vars=8 constraints=35 max_d=-1.35557
[QP WORST] iter=1 row=17 type=collision d=-1.35557
[QP WORST COLLISION] scenario=4 k=4 obstacle=0 disc=2
[SQP] after_solve iter=1 converged=1 status=0 iterations=5 primal_residual=4.30211e-16 dual_residual=8.53428e-06 x_size=8 x_finite=1
[SQP LINESEARCH] iter=1 current_violation=0 accepted_violation=0 accepted=1 alpha=1 delta_u_norm=1.09235
[SQP SUPPORT] iter=1 support_size=0 support_limit=8 support_ok=1
[SQP] before_solve iter=2 vars=8 constraints=35 max_d=-1.32116
[QP WORST] iter=2 row=17 type=collision d=-1.32116
[QP WORST COLLISION] scenario=4 k=4 obstacle=0 disc=2
[SQP] after_solve iter=2 converged=1 status=0 iterations=3 primal_residual=8.40781e-10 dual_residual=1.65598e-05 x_size=8 x_finite=1
[SQP LINESEARCH] iter=2 current_violation=0 accepted_violation=0 accepted=1 alpha=1 delta_u_norm=0.35319
[SQP SUPPORT] iter=2 support_size=0 support_limit=8 support_ok=1
[SQP] before_solve iter=3 vars=8 constraints=35 max_d=-1.31561
[QP WORST] iter=3 row=17 type=collision d=-1.31561
[QP WORST COLLISION] scenario=4 k=4 obstacle=0 disc=2
[SQP] after_solve iter=3 converged=1 status=0 iterations=3 primal_residual=7.15547e-10 dual_residual=1.50568e-05 x_size=8 x_finite=1
[SQP LINESEARCH] iter=3 current_violation=0 accepted_violation=0 accepted=1 alpha=1 delta_u_norm=0.319572
[SQP SUPPORT] iter=3 support_size=0 support_limit=8 support_ok=1
[SQP] before_solve iter=4 vars=8 constraints=35 max_d=-1.31255
[QP WORST] iter=4 row=17 type=collision d=-1.31255
[QP WORST COLLISION] scenario=4 k=4 obstacle=0 disc=2
[SQP] after_solve iter=4 converged=1 status=0 iterations=3 primal_residual=3.72749e-16 dual_residual=1.59825e-05 x_size=8 x_finite=1
[SQP LINESEARCH] iter=4 current_violation=0 accepted_violation=0 accepted=1 alpha=1 delta_u_norm=0.299392
[SQP SUPPORT] iter=4 support_size=0 support_limit=8 support_ok=1
[SQP] before_solve iter=5 vars=8 constraints=35 max_d=-1.30994
[QP WORST] iter=5 row=17 type=collision d=-1.30994
[QP WORST COLLISION] scenario=4 k=4 obstacle=0 disc=2
[SQP] after_solve iter=5 converged=1 status=0 iterations=3 primal_residual=4.16767e-16 dual_residual=1.74251e-05 x_size=8 x_finite=1
[SQP LINESEARCH] iter=5 current_violation=0 accepted_violation=0 accepted=1 alpha=1 delta_u_norm=0.282675
[SQP SUPPORT] iter=5 support_size=0 support_limit=8 support_ok=1
[SQP] before_solve iter=6 vars=8 constraints=35 max_d=-1.3077
[QP WORST] iter=6 row=17 type=collision d=-1.3077
[QP WORST COLLISION] scenario=4 k=4 obstacle=0 disc=2
[SQP] after_solve iter=6 converged=1 status=0 iterations=3 primal_residual=4.159e-16 dual_residual=3.79022e-05 x_size=8 x_finite=1
[SQP LINESEARCH] iter=6 current_violation=0 accepted_violation=0 accepted=1 alpha=1 delta_u_norm=0.267812
[SQP SUPPORT] iter=6 support_size=0 support_limit=8 support_ok=1
[SQP] before_solve iter=7 vars=8 constraints=35 max_d=-1.30577
[QP WORST] iter=7 row=17 type=collision d=-1.30577
[QP WORST COLLISION] scenario=4 k=4 obstacle=0 disc=2
[SQP] after_solve iter=7 converged=1 status=0 iterations=4 primal_residual=4.3076e-16 dual_residual=1.27926e-06 x_size=8 x_finite=1
[SQP LINESEARCH] iter=7 current_violation=0 accepted_violation=0 accepted=1 alpha=1 delta_u_norm=0.256272
[SQP SUPPORT] iter=7 support_size=0 support_limit=8 support_ok=1
[SQP] before_solve iter=8 vars=8 constraints=35 max_d=-1.30406
[QP WORST] iter=8 row=17 type=collision d=-1.30406
[QP WORST COLLISION] scenario=4 k=4 obstacle=0 disc=2
[SQP] after_solve iter=8 converged=1 status=0 iterations=4 primal_residual=3.95192e-16 dual_residual=1.6448e-05 x_size=8 x_finite=1
[SQP LINESEARCH] iter=8 current_violation=0 accepted_violation=0 accepted=1 alpha=1 delta_u_norm=0.217035
[SQP SUPPORT] iter=8 support_size=0 support_limit=8 support_ok=1
[SQP] before_solve iter=9 vars=8 constraints=35 max_d=-1.30315
[QP WORST] iter=9 row=17 type=collision d=-1.30315
[QP WORST COLLISION] scenario=4 k=4 obstacle=0 disc=2
[SQP] after_solve iter=9 converged=1 status=0 iterations=4 primal_residual=4.36744e-16 dual_residual=2.52e-07 x_size=8 x_finite=1
[SQP LINESEARCH] iter=9 current_violation=0 accepted_violation=0 accepted=1 alpha=1 delta_u_norm=0.164332
[SQP SUPPORT] iter=9 support_size=0 support_limit=8 support_ok=1
[SQP FINAL] final_violation=0 violated_constraints=0
[SUPPORT FINAL] sqp_union=0 final_active=0 support_limit=8
[SUPPORT FINAL IDS]
[SUPPORT UNION IDS]
[COLD START RECOVERY CHECK] ordinary_sqp_failed=0 seed_available=1 incompatible=0 try_homotopy=0
[HARNESS RESULT] step=0 success=1 controls=4 first_input_present=1
[MPC STEP METRICS] step=0 applied=1 success=1 fallback=0 a=3 omega=7.20729e-09 dt=0.1 acceleration_weight=0.1 steering_weight=0.1 control_cost_unweighted=9 control_cost_weighted=0.9 mpc_cost=-15.7811 solve_time=0.0295212 qp_solve_time=0.0184097 constraint_time=0.00615467 dro_risk_time=0 ambiguity_radius=0 certificate=insufficient_scenarios
[EVAL SAFETY] step=1 min_center_distance=2.86631 min_clearance=1.91631 collision_this_step=0 collision_run=0 collision_radius=0.95
[PATH COMPLETION] step=1 completion_progress=0.165 path_length=25 fraction=0.0066 required_fraction=0.95 termination_enabled=1 completed=0
[RF BACKUP] available=1 controls=4 states=5
[RF REMOVAL ACCEPTED] sampled=40 removed=0 retained=40 fraction=0 limit=2
[FREE POLY] k=1 disc=0 raw=40 facets=0 vertices=4 rho=4.8 anchor_shift=0
[FREE POLY] k=1 disc=1 raw=40 facets=0 vertices=4 rho=0.800001 anchor_shift=0
[FREE POLY] k=1 disc=2 raw=40 facets=6 vertices=9 rho=4.8 anchor_shift=0
[FREE POLY] k=2 disc=0 raw=40 facets=2 vertices=6 rho=5.6 anchor_shift=0
[FREE POLY] k=2 disc=1 raw=40 facets=0 vertices=4 rho=1.6 anchor_shift=0
[FREE POLY] k=2 disc=2 raw=40 facets=4 vertices=7 rho=5.6 anchor_shift=0
[FREE POLY] k=3 disc=0 raw=40 facets=2 vertices=5 rho=6.4 anchor_shift=0
[FREE POLY] k=3 disc=1 raw=40 facets=0 vertices=4 rho=2.4 anchor_shift=0
[FREE POLY] k=3 disc=2 raw=40 facets=7 vertices=10 rho=6.4 anchor_shift=0
[FREE POLY] k=4 disc=0 raw=40 facets=3 vertices=6 rho=7.2 anchor_shift=0
[FREE POLY] k=4 disc=1 raw=40 facets=3 vertices=7 rho=3.2 anchor_shift=0
[FREE POLY] k=4 disc=2 raw=40 facets=9 vertices=12 rho=7.2 anchor_shift=0
[RF SQP INIT] using_shifted_feasible_candidate=1
[RF SUPPORT SEED] removed=0 support_limit=8
[SQP] before_solve iter=0 vars=8 constraints=52 max_d=-1.10983
[QP WORST] iter=0 row=30 type=collision d=-1.10983
[QP WORST COLLISION] scenario=11 k=4 obstacle=0 disc=2
[SQP] after_solve iter=0 converged=1 status=0 iterations=3 primal_residual=6.80303e-11 dual_residual=6.45038e-05 x_size=8 x_finite=1
[SQP LINESEARCH] iter=0 current_violation=0 accepted_violation=0 accepted=1 alpha=1 delta_u_norm=0.35518
[SQP SUPPORT] iter=0 support_size=0 support_limit=8 support_ok=1
[SQP] before_solve iter=1 vars=8 constraints=52 max_d=-1.10508
[QP WORST] iter=1 row=30 type=collision d=-1.10508
[QP WORST COLLISION] scenario=11 k=4 obstacle=0 disc=2
[SQP] after_solve iter=1 converged=1 status=0 iterations=3 primal_residual=2.05523e-11 dual_residual=5.54003e-05 x_size=8 x_finite=1
[SQP LINESEARCH] iter=1 current_violation=0 accepted_violation=0 accepted=1 alpha=1 delta_u_norm=0.313005
[SQP SUPPORT] iter=1 support_size=0 support_limit=8 support_ok=1
[SQP] before_solve iter=2 vars=8 constraints=52 max_d=-1.10113
[QP WORST] iter=2 row=30 type=collision d=-1.10113
[QP WORST COLLISION] scenario=11 k=4 obstacle=0 disc=2
[SQP] after_solve iter=2 converged=1 status=0 iterations=3 primal_residual=3.1225e-16 dual_residual=4.76959e-05 x_size=8 x_finite=1
[SQP LINESEARCH] iter=2 current_violation=0 accepted_violation=0 accepted=1 alpha=1 delta_u_norm=0.280926
[SQP SUPPORT] iter=2 support_size=0 support_limit=8 support_ok=1
[SQP] before_solve iter=3 vars=8 constraints=52 max_d=-1.09786
[QP WORST] iter=3 row=30 type=collision d=-1.09786
[QP WORST COLLISION] scenario=11 k=4 obstacle=0 disc=2
[SQP] after_solve iter=3 converged=1 status=0 iterations=3 primal_residual=4.3715e-16 dual_residual=4.1161e-05 x_size=8 x_finite=1
[SQP LINESEARCH] iter=3 current_violation=0 accepted_violation=0 accepted=1 alpha=1 delta_u_norm=0.256315
[SQP SUPPORT] iter=3 support_size=0 support_limit=8 support_ok=1
[SQP] before_solve iter=4 vars=8 constraints=52 max_d=-1.09512
[QP WORST] iter=4 row=30 type=collision d=-1.09512
[QP WORST COLLISION] scenario=11 k=4 obstacle=0 disc=2
[SQP] after_solve iter=4 converged=1 status=0 iterations=3 primal_residual=4.42788e-16 dual_residual=3.55456e-05 x_size=8 x_finite=1
[SQP LINESEARCH] iter=4 current_violation=0 accepted_violation=0 accepted=1 alpha=1 delta_u_norm=0.237125
[SQP SUPPORT] iter=4 support_size=0 support_limit=8 support_ok=1
[SQP] before_solve iter=5 vars=8 constraints=52 max_d=-1.09281
[QP WORST] iter=5 row=30 type=collision d=-1.09281
[QP WORST COLLISION] scenario=11 k=4 obstacle=0 disc=2
[SQP] after_solve iter=5 converged=1 status=0 iterations=3 primal_residual=3.69028e-16 dual_residual=3.06965e-05 x_size=8 x_finite=1
[SQP LINESEARCH] iter=5 current_violation=0 accepted_violation=0 accepted=1 alpha=1 delta_u_norm=0.22181
[SQP SUPPORT] iter=5 support_size=0 support_limit=8 support_ok=1
[SQP] before_solve iter=6 vars=8 constraints=52 max_d=-1.09085
[QP WORST] iter=6 row=30 type=collision d=-1.09085
[QP WORST COLLISION] scenario=11 k=4 obstacle=0 disc=2
[SQP] after_solve iter=6 converged=1 status=0 iterations=3 primal_residual=4.26742e-16 dual_residual=2.65045e-05 x_size=8 x_finite=1
[SQP LINESEARCH] iter=6 current_violation=0 accepted_violation=0 accepted=1 alpha=1 delta_u_norm=0.209244
[SQP SUPPORT] iter=6 support_size=0 support_limit=8 support_ok=1
[SQP] before_solve iter=7 vars=8 constraints=52 max_d=-1.08916
[QP WORST] iter=7 row=30 type=collision d=-1.08916
[QP WORST COLLISION] scenario=11 k=4 obstacle=0 disc=2
[SQP] after_solve iter=7 converged=1 status=0 iterations=3 primal_residual=3.95095e-16 dual_residual=2.29109e-05 x_size=8 x_finite=1
[SQP LINESEARCH] iter=7 current_violation=0 accepted_violation=0 accepted=1 alpha=1 delta_u_norm=0.198621
[SQP SUPPORT] iter=7 support_size=0 support_limit=8 support_ok=1
[SQP] before_solve iter=8 vars=8 constraints=52 max_d=-1.0877
[QP WORST] iter=8 row=30 type=collision d=-1.0877
[QP WORST COLLISION] scenario=11 k=4 obstacle=0 disc=2
[SQP] after_solve iter=8 converged=1 status=0 iterations=3 primal_residual=6.80516e-12 dual_residual=1.982e-05 x_size=8 x_finite=1
[SQP LINESEARCH] iter=8 current_violation=0 accepted_violation=0 accepted=1 alpha=1 delta_u_norm=0.189383
[SQP SUPPORT] iter=8 support_size=0 support_limit=8 support_ok=1
[SQP] before_solve iter=9 vars=8 constraints=52 max_d=-1.08643
[QP WORST] iter=9 row=30 type=collision d=-1.08643
[QP WORST COLLISION] scenario=11 k=4 obstacle=0 disc=2
[SQP] after_solve iter=9 converged=1 status=0 iterations=3 primal_residual=2.48221e-11 dual_residual=1.71568e-05 x_size=8 x_finite=1
[SQP LINESEARCH] iter=9 current_violation=0 accepted_violation=0 accepted=1 alpha=1 delta_u_norm=0.181146
[SQP SUPPORT] iter=9 support_size=0 support_limit=8 support_ok=1
[SQP FINAL] final_violation=0 violated_constraints=0
[SUPPORT FINAL] sqp_union=0 final_active=0 support_limit=8
[SUPPORT FINAL IDS]
[SUPPORT UNION IDS]
[COLD START RECOVERY CHECK] ordinary_sqp_failed=0 seed_available=1 incompatible=0 try_homotopy=0
[HARNESS RESULT] step=1 success=1 controls=4 first_input_present=1
[MPC STEP METRICS] step=1 applied=1 success=1 fallback=0 a=2.99998 omega=-1.93784e-08 dt=0.1 acceleration_weight=0.1 steering_weight=0.1 control_cost_unweighted=8.99988 control_cost_weighted=0.899988 mpc_cost=-17.2991 solve_time=0.0211762 qp_solve_time=0.0135043 constraint_time=0.00387953 dro_risk_time=0 ambiguity_radius=0 certificate=insufficient_scenarios
[EVAL SAFETY] step=2 min_center_distance=2.69846 min_clearance=1.74846 collision_this_step=0 collision_run=0 collision_radius=0.95
[RF BACKUP] available=1 controls=4 states=5
[RF REMOVAL ACCEPTED] sampled=40 removed=0 retained=40 fraction=0 limit=2
[FREE POLY] k=1 disc=0 raw=40 facets=0 vertices=4 rho=4.8 anchor_shift=0
[FREE POLY] k=1 disc=1 raw=40 facets=0 vertices=4 rho=0.800001 anchor_shift=0
[FREE POLY] k=1 disc=2 raw=40 facets=3 vertices=6 rho=4.8 anchor_shift=0
[FREE POLY] k=2 disc=0 raw=40 facets=3 vertices=6 rho=5.6 anchor_shift=0
[FREE POLY] k=2 disc=1 raw=40 facets=0 vertices=4 rho=1.6 anchor_shift=0
[FREE POLY] k=2 disc=2 raw=40 facets=3 vertices=6 rho=5.6 anchor_shift=0
[FREE POLY] k=3 disc=0 raw=40 facets=3 vertices=6 rho=6.4 anchor_shift=0
[FREE POLY] k=3 disc=1 raw=40 facets=0 vertices=4 rho=2.4 anchor_shift=0
[FREE POLY] k=3 disc=2 raw=40 facets=3 vertices=6 rho=6.4 anchor_shift=0
[FREE POLY] k=4 disc=0 raw=40 facets=3 vertices=6 rho=7.2 anchor_shift=0
[FREE POLY] k=4 disc=1 raw=40 facets=3 vertices=6 rho=3.2 anchor_shift=0
[FREE POLY] k=4 disc=2 raw=40 facets=3 vertices=6 rho=7.2 anchor_shift=0
[RF SQP INIT] using_shifted_feasible_candidate=1
[RF SUPPORT SEED] removed=0 support_limit=8
[SQP] before_solve iter=0 vars=8 constraints=40 max_d=-0.88543
[QP WORST] iter=0 row=23 type=collision d=-0.88543
[QP WORST COLLISION] scenario=39 k=4 obstacle=0 disc=2
[SQP] after_solve iter=0 converged=1 status=0 iterations=3 primal_residual=7.48104e-09 dual_residual=7.32874e-05 x_size=8 x_finite=1
[SQP LINESEARCH] iter=0 current_violation=0 accepted_violation=0 accepted=1 alpha=1 delta_u_norm=0.706639
[SQP SUPPORT] iter=0 support_size=0 support_limit=8 support_ok=1
[SQP] before_solve iter=1 vars=8 constraints=40 max_d=-0.864927
[QP WORST] iter=1 row=23 type=collision d=-0.864927
[QP WORST COLLISION] scenario=39 k=4 obstacle=0 disc=2
[SQP] after_solve iter=1 converged=1 status=0 iterations=3 primal_residual=4.13396e-09 dual_residual=6.28122e-05 x_size=8 x_finite=1
[SQP LINESEARCH] iter=1 current_violation=0 accepted_violation=0 accepted=1 alpha=1 delta_u_norm=0.496372
[SQP SUPPORT] iter=1 support_size=0 support_limit=8 support_ok=1
[SQP] before_solve iter=2 vars=8 constraints=40 max_d=-0.850922
[QP WORST] iter=2 row=23 type=collision d=-0.850922
[QP WORST COLLISION] scenario=39 k=4 obstacle=0 disc=2
[SQP] after_solve iter=2 converged=1 status=0 iterations=3 primal_residual=5.64794e-10 dual_residual=5.09044e-05 x_size=8 x_finite=1
[SQP LINESEARCH] iter=2 current_violation=0 accepted_violation=0 accepted=1 alpha=1 delta_u_norm=0.363108
[SQP SUPPORT] iter=2 support_size=0 support_limit=8 support_ok=1
[SQP] before_solve iter=3 vars=8 constraints=40 max_d=-0.841265
[QP WORST] iter=3 row=23 type=collision d=-0.841265
[QP WORST COLLISION] scenario=39 k=4 obstacle=0 disc=2
[SQP] after_solve iter=3 converged=1 status=0 iterations=3 primal_residual=4.33247e-16 dual_residual=4.00214e-05 x_size=8 x_finite=1
[SQP LINESEARCH] iter=3 current_violation=0 accepted_violation=0 accepted=1 alpha=1 delta_u_norm=0.280675
[SQP SUPPORT] iter=3 support_size=0 support_limit=8 support_ok=1
[SQP] before_solve iter=4 vars=8 constraints=40 max_d=-0.83452
[QP WORST] iter=4 row=23 type=collision d=-0.83452
[QP WORST COLLISION] scenario=39 k=4 obstacle=0 disc=2
[SQP] after_solve iter=4 converged=1 status=0 iterations=3 primal_residual=2.70617e-16 dual_residual=3.08401e-05 x_size=8 x_finite=1
[SQP LINESEARCH] iter=4 current_violation=0 accepted_violation=0 accepted=1 alpha=1 delta_u_norm=0.230511
[SQP SUPPORT] iter=4 support_size=0 support_limit=8 support_ok=1
[SQP] before_solve iter=5 vars=8 constraints=40 max_d=-0.829733
[QP WORST] iter=5 row=23 type=collision d=-0.829733
[QP WORST COLLISION] scenario=39 k=4 obstacle=0 disc=2
[SQP] after_solve iter=5 converged=1 status=0 iterations=3 primal_residual=4.16334e-16 dual_residual=2.41221e-05 x_size=8 x_finite=1
[SQP LINESEARCH] iter=5 current_violation=0 accepted_violation=0 accepted=1 alpha=1 delta_u_norm=0.199508
[SQP SUPPORT] iter=5 support_size=0 support_limit=8 support_ok=1
[SQP] before_solve iter=6 vars=8 constraints=40 max_d=-0.826274
[QP WORST] iter=6 row=23 type=collision d=-0.826274
[QP WORST COLLISION] scenario=39 k=4 obstacle=0 disc=2
[SQP] after_solve iter=6 converged=1 status=0 iterations=3 primal_residual=4.09503e-16 dual_residual=3.65052e-05 x_size=8 x_finite=1
[SQP LINESEARCH] iter=6 current_violation=0 accepted_violation=0 accepted=1 alpha=1 delta_u_norm=0.178586
[SQP SUPPORT] iter=6 support_size=0 support_limit=8 support_ok=1
[SQP] before_solve iter=7 vars=8 constraints=40 max_d=-0.823745
[QP WORST] iter=7 row=23 type=collision d=-0.823745
[QP WORST COLLISION] scenario=39 k=4 obstacle=0 disc=2
[SQP] after_solve iter=7 converged=1 status=0 iterations=3 primal_residual=3.56919e-16 dual_residual=6.85192e-05 x_size=8 x_finite=1
[SQP LINESEARCH] iter=7 current_violation=0 accepted_violation=0 accepted=1 alpha=1 delta_u_norm=0.160157
[SQP SUPPORT] iter=7 support_size=0 support_limit=8 support_ok=1
[SQP] before_solve iter=8 vars=8 constraints=40 max_d=-0.82201
[QP WORST] iter=8 row=23 type=collision d=-0.82201
[QP WORST COLLISION] scenario=39 k=4 obstacle=0 disc=2
[SQP] after_solve iter=8 converged=1 status=0 iterations=3 primal_residual=4.11807e-16 dual_residual=9.602e-05 x_size=8 x_finite=1
[SQP LINESEARCH] iter=8 current_violation=0 accepted_violation=0 accepted=1 alpha=1 delta_u_norm=0.13841
[SQP SUPPORT] iter=8 support_size=0 support_limit=8 support_ok=1
[SQP] before_solve iter=9 vars=8 constraints=40 max_d=-0.821355
[QP WORST] iter=9 row=23 type=collision d=-0.821355
[QP WORST COLLISION] scenario=39 k=4 obstacle=0 disc=2
[SQP] after_solve iter=9 converged=1 status=0 iterations=3 primal_residual=4.30211e-16 dual_residual=9.72437e-05 x_size=8 x_finite=1
[SQP LINESEARCH] iter=9 current_violation=0 accepted_violation=0 accepted=1 alpha=1 delta_u_norm=0.128343
[SQP SUPPORT] iter=9 support_size=0 support_limit=8 support_ok=1
[SQP FINAL] final_violation=0 violated_constraints=0
[SUPPORT FINAL] sqp_union=0 final_active=0 support_limit=8
[SUPPORT FINAL IDS]
[SUPPORT UNION IDS]
[COLD START RECOVERY CHECK] ordinary_sqp_failed=0 seed_available=1 incompatible=0 try_homotopy=0
[HARNESS RESULT] step=2 success=1 controls=4 first_input_present=1
[MPC STEP METRICS] step=2 applied=1 success=1 fallback=0 a=2.99953 omega=-4.77106e-08 dt=0.1 acceleration_weight=0.1 steering_weight=0.1 control_cost_unweighted=8.99718 control_cost_weighted=0.899718 mpc_cost=-17.2201 solve_time=0.0185569 qp_solve_time=0.0122118 constraint_time=0.00362797 dro_risk_time=0 ambiguity_radius=0 certificate=insufficient_scenarios
[EVAL SAFETY] step=3 min_center_distance=2.50064 min_clearance=1.55064 collision_this_step=0 collision_run=0 collision_radius=0.95
[PATH COMPLETION] step=3 completion_progress=0.584997 path_length=25 fraction=0.0233999 required_fraction=0.95 termination_enabled=1 completed=0
seed=77 collision=no termination=step_limit artifact=/home/stephen/ros2_ws/src/DRO_SHMPCC/build-concentration/concentration-smoke/straight_o1_c1_m3_boost_30_s20/seed_77/sh_mpcc_extra/repeat_1
